


ARM Macro Assembler    Page 1 


    1 00000000         ; ce programme est pour l'assembleur RealView (Keil)
    2 00000000                 thumb
    3 00000000                 area             moncode, code, readwrite
    4 00000000                 export           timer_callback
    5 00000000         ;
    6 00000000         
    7 00000000         
    8 00000000         timer_callback
                               proc
    9 00000000         
   10 00000000 40010C10 
                       GPIOB_BSRR
                               equ              0x40010C10  ; Bit Set/Reset reg
                                                            ister
   11 00000000         
   12 00000000         
   13 00000000         ; mise a 1 de PB1
   14 00000000 4B03            ldr              r3, =GPIOB_BSRR
   15 00000002 2102            movs             r1, #0x00000002
   16 00000004 6019            str              r1, [r3]
   17 00000006         
   18 00000006         
   19 00000006         ; mise a zero de PB1
   20 00000006 4B02            ldr              r3, =GPIOB_BSRR
   21 00000008 F45F 3100       movs             r1, #0x00020000
   22 0000000C 6019            str              r1, [r3]
   23 0000000E                 endp
   24 0000000E         ;
   25 0000000E                 end
              00 00 40010C10 
Command Line: --debug --xref --cpu=Cortex-M3 --apcs=interwork --depend=Carre2.d
 -oCarre2.o -IC:\Keil\ARM\RV31\INC -IC:\Keil\ARM\CMSIS\Include -IC:\Keil\ARM\In
c\ST\STM32F10x --predefine="__EVAL SETA 1" --predefine="__MICROLIB SETA 1" --li
st=.\Carre2.lst Sources\Carre2.s



ARM Macro Assembler    Page 1 Alphabetic symbol ordering
Relocatable symbols

moncode 00000000

Symbol: moncode
   Definitions
      At line 3 in file Sources\Carre2.s
   Uses
      None
Comment: moncode unused
timer_callback 00000000

Symbol: timer_callback
   Definitions
      At line 8 in file Sources\Carre2.s
   Uses
      At line 4 in file Sources\Carre2.s
Comment: timer_callback used once
2 symbols



ARM Macro Assembler    Page 1 Alphabetic symbol ordering
Absolute symbols

GPIOB_BSRR 40010C10

Symbol: GPIOB_BSRR
   Definitions
      At line 10 in file Sources\Carre2.s
   Uses
      At line 14 in file Sources\Carre2.s
      At line 20 in file Sources\Carre2.s

1 symbol
337 symbols in table
