ARM Linker, 5.03 [Build 24] [MDK-ARM Lite]

==============================================================================

Section Cross References

    principal.o(.text) refers to dflti.o(.text) for __aeabi_i2d
    principal.o(.text) refers to dmul.o(.text) for __aeabi_dmul
    principal.o(.text) refers to dfixi.o(.text) for __aeabi_d2iz
    principal.o(.text) refers to clock.o(.text) for CLOCK_Configure
    principal.o(.text) refers to gpio.o(.text) for GPIO_Configure
    principal.o(.text) refers to timer_1234.o(.text) for PWM_Init_ff
    principal.o(.text) refers to principal.o(.bss) for etat
    principal.o(.text) refers to 09.o(SecSon) for LongueurSon
    principal.o(.text) refers to timer_callback.o(moncode) for timer_callback
    timer_callback.o(moncode) refers to principal.o(.text) for Calibrage
    timer_callback.o(moncode) refers to principal.o(.bss) for etat
    startup-rvds.o(RESET) refers to startup-rvds.o(STACK) for __initial_sp
    startup-rvds.o(RESET) refers to startup-rvds.o(.text) for Reset_Handler
    startup-rvds.o(RESET) refers to timer_1234.o(.text) for TIM1_UP_IRQHandler
    startup-rvds.o(.text) refers to entry.o(.ARM.Collect$$$$00000000) for __main
    timer_1234.o(.text) refers to clock.o(.text) for CLOCK_GetTIMCLK
    timer_1234.o(.text) refers to ffltui.o(.text) for __aeabi_ui2f
    timer_1234.o(.text) refers to fmul.o(.text) for __aeabi_fmul
    timer_1234.o(.text) refers to f2d.o(.text) for __aeabi_f2d
    timer_1234.o(.text) refers to ddiv.o(.text) for __aeabi_ddiv
    timer_1234.o(.text) refers to d2f.o(.text) for __aeabi_d2f
    timer_1234.o(.text) refers to ffixui.o(.text) for __aeabi_f2uiz
    timer_1234.o(.text) refers to fdiv.o(.text) for __aeabi_fdiv
    timer_1234.o(.text) refers to dfltui.o(.text) for __aeabi_ui2d
    timer_1234.o(.text) refers to dadd.o(.text) for __aeabi_dadd
    timer_1234.o(.text) refers to dmul.o(.text) for __aeabi_dmul
    timer_1234.o(.text) refers to timer_1234.o(.data) for Ptr_TIM1
    timer_1234.o(.text) refers to cdcmple.o(.text) for __aeabi_cdcmple
    timer_1234.o(.text) refers to cdrcmple.o(.text) for __aeabi_cdrcmple
    timer_1234.o(.text) refers to fflti.o(.text) for __aeabi_i2f
    timer_1234.o(.text) refers to ffixi.o(.text) for __aeabi_f2iz
    entry.o(.ARM.Collect$$$$00000000) refers (Special) to entry10a.o(.ARM.Collect$$$$0000000D) for __rt_final_cpp
    entry.o(.ARM.Collect$$$$00000000) refers (Special) to entry11a.o(.ARM.Collect$$$$0000000F) for __rt_final_exit
    entry.o(.ARM.Collect$$$$00000000) refers (Special) to entry7b.o(.ARM.Collect$$$$00000008) for _main_clock
    entry.o(.ARM.Collect$$$$00000000) refers (Special) to entry8b.o(.ARM.Collect$$$$0000000A) for _main_cpp_init
    entry.o(.ARM.Collect$$$$00000000) refers (Special) to entry9a.o(.ARM.Collect$$$$0000000B) for _main_init
    entry.o(.ARM.Collect$$$$00000000) refers (Special) to entry5.o(.ARM.Collect$$$$00000004) for _main_scatterload
    entry.o(.ARM.Collect$$$$00000000) refers (Special) to entry2.o(.ARM.Collect$$$$00000001) for _main_stk
    fmul.o(.text) refers (Special) to iusefp.o(.text) for __I$use$fp
    fdiv.o(.text) refers (Special) to iusefp.o(.text) for __I$use$fp
    fdiv.o(.text) refers to fepilogue.o(.text) for _float_round
    dadd.o(.text) refers (Special) to iusefp.o(.text) for __I$use$fp
    dadd.o(.text) refers to llshl.o(.text) for __aeabi_llsl
    dadd.o(.text) refers to llsshr.o(.text) for __aeabi_lasr
    dadd.o(.text) refers to depilogue.o(.text) for _double_epilogue
    dmul.o(.text) refers (Special) to iusefp.o(.text) for __I$use$fp
    dmul.o(.text) refers to depilogue.o(.text) for _double_epilogue
    ddiv.o(.text) refers (Special) to iusefp.o(.text) for __I$use$fp
    ddiv.o(.text) refers to depilogue.o(.text) for _double_round
    fflti.o(.text) refers (Special) to iusefp.o(.text) for __I$use$fp
    fflti.o(.text) refers to fepilogue.o(.text) for _float_epilogue
    ffltui.o(.text) refers (Special) to iusefp.o(.text) for __I$use$fp
    ffltui.o(.text) refers to fepilogue.o(.text) for _float_epilogue
    dflti.o(.text) refers (Special) to iusefp.o(.text) for __I$use$fp
    dflti.o(.text) refers to depilogue.o(.text) for _double_epilogue
    dfltui.o(.text) refers (Special) to iusefp.o(.text) for __I$use$fp
    dfltui.o(.text) refers to depilogue.o(.text) for _double_epilogue
    ffixi.o(.text) refers (Special) to iusefp.o(.text) for __I$use$fp
    ffixui.o(.text) refers (Special) to iusefp.o(.text) for __I$use$fp
    dfixi.o(.text) refers (Special) to iusefp.o(.text) for __I$use$fp
    dfixi.o(.text) refers to llushr.o(.text) for __aeabi_llsr
    f2d.o(.text) refers (Special) to iusefp.o(.text) for __I$use$fp
    cdcmple.o(.text) refers (Special) to iusefp.o(.text) for __I$use$fp
    cdrcmple.o(.text) refers (Special) to iusefp.o(.text) for __I$use$fp
    d2f.o(.text) refers (Special) to iusefp.o(.text) for __I$use$fp
    d2f.o(.text) refers to fepilogue.o(.text) for _float_round
    entry2.o(.ARM.Collect$$$$00000001) refers to entry2.o(.ARM.Collect$$$$00002712) for __lit__00000000
    entry2.o(.ARM.Collect$$$$00002712) refers to startup-rvds.o(STACK) for __initial_sp
    entry2.o(__vectab_stack_and_reset_area) refers to startup-rvds.o(STACK) for __initial_sp
    entry2.o(__vectab_stack_and_reset_area) refers to entry.o(.ARM.Collect$$$$00000000) for __main
    entry5.o(.ARM.Collect$$$$00000004) refers to init.o(.text) for __scatterload
    entry9a.o(.ARM.Collect$$$$0000000B) refers to principal.o(.text) for main
    entry9b.o(.ARM.Collect$$$$0000000C) refers to principal.o(.text) for main
    depilogue.o(.text) refers to llshl.o(.text) for __aeabi_llsl
    depilogue.o(.text) refers to llushr.o(.text) for __aeabi_llsr
    init.o(.text) refers to entry5.o(.ARM.Collect$$$$00000004) for __main_after_scatterload


==============================================================================

Removing Unused input sections from the image.

    Removing principal.o(.rev16_text), (4 bytes).
    Removing principal.o(.revsh_text), (4 bytes).
    Removing carre1.o(moncode), (56 bytes).
    Removing timer_callback.o(mesdata), (1 bytes).
    Removing startup-rvds.o(HEAP), (512 bytes).

5 unused section(s) (total 577 bytes) removed from the image.

==============================================================================

Image Symbol Table

    Local Symbols

    Symbol Name                              Value     Ov Type        Size  Object(Section)

    ../clib/microlib/init/entry.s            0x00000000   Number         0  entry11b.o ABSOLUTE
    ../clib/microlib/init/entry.s            0x00000000   Number         0  entry11a.o ABSOLUTE
    ../clib/microlib/init/entry.s            0x00000000   Number         0  entry10b.o ABSOLUTE
    ../clib/microlib/init/entry.s            0x00000000   Number         0  entry8a.o ABSOLUTE
    ../clib/microlib/init/entry.s            0x00000000   Number         0  entry10a.o ABSOLUTE
    ../clib/microlib/init/entry.s            0x00000000   Number         0  entry5.o ABSOLUTE
    ../clib/microlib/init/entry.s            0x00000000   Number         0  entry9b.o ABSOLUTE
    ../clib/microlib/init/entry.s            0x00000000   Number         0  entry8b.o ABSOLUTE
    ../clib/microlib/init/entry.s            0x00000000   Number         0  entry9a.o ABSOLUTE
    ../clib/microlib/init/entry.s            0x00000000   Number         0  entry.o ABSOLUTE
    ../clib/microlib/init/entry.s            0x00000000   Number         0  entry2.o ABSOLUTE
    ../clib/microlib/init/entry.s            0x00000000   Number         0  entry7a.o ABSOLUTE
    ../clib/microlib/init/entry.s            0x00000000   Number         0  entry7b.o ABSOLUTE
    ../clib/microlib/longlong.c              0x00000000   Number         0  llshl.o ABSOLUTE
    ../clib/microlib/longlong.c              0x00000000   Number         0  llushr.o ABSOLUTE
    ../clib/microlib/longlong.c              0x00000000   Number         0  llsshr.o ABSOLUTE
    ../clib/microlib/stubs.s                 0x00000000   Number         0  iusefp.o ABSOLUTE
    ../fplib/microlib/d2f.c                  0x00000000   Number         0  d2f.o ABSOLUTE
    ../fplib/microlib/f2d.c                  0x00000000   Number         0  f2d.o ABSOLUTE
    ../fplib/microlib/fpadd.c                0x00000000   Number         0  dadd.o ABSOLUTE
    ../fplib/microlib/fpdiv.c                0x00000000   Number         0  ddiv.o ABSOLUTE
    ../fplib/microlib/fpdiv.c                0x00000000   Number         0  fdiv.o ABSOLUTE
    ../fplib/microlib/fpepilogue.c           0x00000000   Number         0  depilogue.o ABSOLUTE
    ../fplib/microlib/fpepilogue.c           0x00000000   Number         0  fepilogue.o ABSOLUTE
    ../fplib/microlib/fpfix.c                0x00000000   Number         0  ffixi.o ABSOLUTE
    ../fplib/microlib/fpfix.c                0x00000000   Number         0  ffixui.o ABSOLUTE
    ../fplib/microlib/fpfix.c                0x00000000   Number         0  dfixi.o ABSOLUTE
    ../fplib/microlib/fpflt.c                0x00000000   Number         0  dfltui.o ABSOLUTE
    ../fplib/microlib/fpflt.c                0x00000000   Number         0  ffltui.o ABSOLUTE
    ../fplib/microlib/fpflt.c                0x00000000   Number         0  dflti.o ABSOLUTE
    ../fplib/microlib/fpflt.c                0x00000000   Number         0  fflti.o ABSOLUTE
    ../fplib/microlib/fpmul.c                0x00000000   Number         0  fmul.o ABSOLUTE
    ../fplib/microlib/fpmul.c                0x00000000   Number         0  dmul.o ABSOLUTE
    GPIO.c                                   0x00000000   Number         0  gpio.o ABSOLUTE
    Matlab\09.asm                            0x00000000   Number         0  09.o ABSOLUTE
    Sources\Carre1.s                         0x00000000   Number         0  carre1.o ABSOLUTE
    Sources\\principal.c                     0x00000000   Number         0  principal.o ABSOLUTE
    Sources\principal.c                      0x00000000   Number         0  principal.o ABSOLUTE
    Sources\timer_callback.s                 0x00000000   Number         0  timer_callback.o ABSOLUTE
    Systeme\startup-rvds.s                   0x00000000   Number         0  startup-rvds.o ABSOLUTE
    Timer_1234.c                             0x00000000   Number         0  timer_1234.o ABSOLUTE
    cdcmple.s                                0x00000000   Number         0  cdcmple.o ABSOLUTE
    cdrcmple.s                               0x00000000   Number         0  cdrcmple.o ABSOLUTE
    clock.c                                  0x00000000   Number         0  clock.o ABSOLUTE
    dc.s                                     0x00000000   Number         0  dc.o ABSOLUTE
    handlers.s                               0x00000000   Number         0  handlers.o ABSOLUTE
    init.s                                   0x00000000   Number         0  init.o ABSOLUTE
    RESET                                    0x08000000   Section      236  startup-rvds.o(RESET)
    .ARM.Collect$$$$00000000                 0x080000ec   Section        0  entry.o(.ARM.Collect$$$$00000000)
    .ARM.Collect$$$$00000001                 0x080000ec   Section        4  entry2.o(.ARM.Collect$$$$00000001)
    .ARM.Collect$$$$00000004                 0x080000f0   Section        4  entry5.o(.ARM.Collect$$$$00000004)
    .ARM.Collect$$$$00000008                 0x080000f4   Section        0  entry7b.o(.ARM.Collect$$$$00000008)
    .ARM.Collect$$$$0000000A                 0x080000f4   Section        0  entry8b.o(.ARM.Collect$$$$0000000A)
    .ARM.Collect$$$$0000000B                 0x080000f4   Section        8  entry9a.o(.ARM.Collect$$$$0000000B)
    .ARM.Collect$$$$0000000D                 0x080000fc   Section        0  entry10a.o(.ARM.Collect$$$$0000000D)
    .ARM.Collect$$$$0000000F                 0x080000fc   Section        0  entry11a.o(.ARM.Collect$$$$0000000F)
    .ARM.Collect$$$$00002712                 0x080000fc   Section        4  entry2.o(.ARM.Collect$$$$00002712)
    __lit__00000000                          0x080000fc   Data           4  entry2.o(.ARM.Collect$$$$00002712)
    .text                                    0x08000100   Section        0  principal.o(.text)
    .text                                    0x080001bc   Section       76  startup-rvds.o(.text)
    .text                                    0x08000208   Section        0  clock.o(.text)
    CLOCK_HPRECompute                        0x08000209   Thumb Code   120  clock.o(.text)
    .text                                    0x08000358   Section        0  gpio.o(.text)
    .text                                    0x080004d8   Section        0  timer_1234.o(.text)
    .text                                    0x080017ec   Section        0  fmul.o(.text)
    .text                                    0x08001858   Section        0  fdiv.o(.text)
    .text                                    0x080018d8   Section        0  dadd.o(.text)
    .text                                    0x08001a26   Section        0  dmul.o(.text)
    .text                                    0x08001b0a   Section        0  ddiv.o(.text)
    .text                                    0x08001be8   Section        0  fflti.o(.text)
    .text                                    0x08001bfa   Section        0  ffltui.o(.text)
    .text                                    0x08001c04   Section        0  dflti.o(.text)
    .text                                    0x08001c26   Section        0  dfltui.o(.text)
    .text                                    0x08001c40   Section        0  ffixi.o(.text)
    .text                                    0x08001c72   Section        0  ffixui.o(.text)
    .text                                    0x08001c9a   Section        0  dfixi.o(.text)
    .text                                    0x08001cd8   Section        0  f2d.o(.text)
    .text                                    0x08001d00   Section       40  cdcmple.o(.text)
    .text                                    0x08001d28   Section       40  cdrcmple.o(.text)
    .text                                    0x08001d50   Section        0  d2f.o(.text)
    .text                                    0x08001d88   Section        0  llshl.o(.text)
    .text                                    0x08001da6   Section        0  llushr.o(.text)
    .text                                    0x08001dc6   Section        0  llsshr.o(.text)
    .text                                    0x08001dea   Section        0  fepilogue.o(.text)
    .text                                    0x08001dea   Section        0  iusefp.o(.text)
    .text                                    0x08001e56   Section        0  depilogue.o(.text)
    .text                                    0x08001f14   Section       36  init.o(.text)
    i.__scatterload_copy                     0x08001f38   Section       14  handlers.o(i.__scatterload_copy)
    i.__scatterload_null                     0x08001f46   Section        2  handlers.o(i.__scatterload_null)
    i.__scatterload_zeroinit                 0x08001f48   Section       14  handlers.o(i.__scatterload_zeroinit)
    moncode                                  0x08001f58   Section       56  timer_callback.o(moncode)
    SecSon                                   0x08001fb0   Section    23160  09.o(SecSon)
    .data                                    0x20000000   Section      160  timer_1234.o(.data)
    Ptr_TIM1                                 0x20000000   Data           4  timer_1234.o(.data)
    Ptr_TIM2                                 0x20000004   Data           4  timer_1234.o(.data)
    Ptr_TIM3                                 0x20000008   Data           4  timer_1234.o(.data)
    Ptr_TIM4                                 0x2000000c   Data           4  timer_1234.o(.data)
    Ptr_TIM1_Voie1                           0x20000020   Data           4  timer_1234.o(.data)
    Ptr_TIM1_Voie2                           0x20000024   Data           4  timer_1234.o(.data)
    Ptr_TIM1_Voie3                           0x20000028   Data           4  timer_1234.o(.data)
    Ptr_TIM1_Voie4                           0x2000002c   Data           4  timer_1234.o(.data)
    Ptr_TIM2_Voie1                           0x20000030   Data           4  timer_1234.o(.data)
    Ptr_TIM2_Voie2                           0x20000034   Data           4  timer_1234.o(.data)
    Ptr_TIM2_Voie3                           0x20000038   Data           4  timer_1234.o(.data)
    Ptr_TIM2_Voie4                           0x2000003c   Data           4  timer_1234.o(.data)
    Ptr_TIM3_Voie1                           0x20000040   Data           4  timer_1234.o(.data)
    Ptr_TIM3_Voie2                           0x20000044   Data           4  timer_1234.o(.data)
    Ptr_TIM3_Voie3                           0x20000048   Data           4  timer_1234.o(.data)
    Ptr_TIM3_Voie4                           0x2000004c   Data           4  timer_1234.o(.data)
    Ptr_TIM4_Voie1                           0x20000050   Data           4  timer_1234.o(.data)
    Ptr_TIM4_Voie2                           0x20000054   Data           4  timer_1234.o(.data)
    Ptr_TIM4_Voie3                           0x20000058   Data           4  timer_1234.o(.data)
    Ptr_TIM4_Voie4                           0x2000005c   Data           4  timer_1234.o(.data)
    Duree_Pulse_T1                           0x20000060   Data           8  timer_1234.o(.data)
    Duree_Pulse_T2                           0x20000068   Data           8  timer_1234.o(.data)
    Duree_Pulse_T3                           0x20000070   Data           8  timer_1234.o(.data)
    Duree_Pulse_T4                           0x20000078   Data           8  timer_1234.o(.data)
    Date_T1                                  0x20000080   Data           8  timer_1234.o(.data)
    Date_T2                                  0x20000088   Data           8  timer_1234.o(.data)
    Date_T3                                  0x20000090   Data           8  timer_1234.o(.data)
    Date_T4                                  0x20000098   Data           8  timer_1234.o(.data)
    .bss                                     0x200000a0   Section       20  principal.o(.bss)
    STACK                                    0x200000b8   Section     1024  startup-rvds.o(STACK)

    Global Symbols

    Symbol Name                              Value     Ov Type        Size  Object(Section)

    BuildAttributes$$THM_ISAv4$P$D$K$B$S$PE$A:L22UL41UL21$X:L11$S22US41US21$IEEE1$IW$USESV6$~STKCKD$USESV7$~SHL$OTIME$ROPI$EBA8$MICROLIB$REQ8$PRES8$EABIv2 0x00000000   Number         0  anon$$obj.o ABSOLUTE
    __ARM_use_no_argv                        0x00000000   Number         0  principal.o ABSOLUTE
    __cpp_initialize__aeabi_                  - Undefined Weak Reference
    __cxa_finalize                            - Undefined Weak Reference
    __decompress                              - Undefined Weak Reference
    _clock_init                               - Undefined Weak Reference
    _microlib_exit                            - Undefined Weak Reference
    __Vectors_Size                           0x000000ec   Number         0  startup-rvds.o ABSOLUTE
    __Vectors                                0x08000000   Data           4  startup-rvds.o(RESET)
    __Vectors_End                            0x080000ec   Data           0  startup-rvds.o(RESET)
    __main                                   0x080000ed   Thumb Code     0  entry.o(.ARM.Collect$$$$00000000)
    _main_stk                                0x080000ed   Thumb Code     0  entry2.o(.ARM.Collect$$$$00000001)
    _main_scatterload                        0x080000f1   Thumb Code     0  entry5.o(.ARM.Collect$$$$00000004)
    __main_after_scatterload                 0x080000f5   Thumb Code     0  entry5.o(.ARM.Collect$$$$00000004)
    _main_clock                              0x080000f5   Thumb Code     0  entry7b.o(.ARM.Collect$$$$00000008)
    _main_cpp_init                           0x080000f5   Thumb Code     0  entry8b.o(.ARM.Collect$$$$0000000A)
    _main_init                               0x080000f5   Thumb Code     0  entry9a.o(.ARM.Collect$$$$0000000B)
    __rt_final_cpp                           0x080000fd   Thumb Code     0  entry10a.o(.ARM.Collect$$$$0000000D)
    __rt_final_exit                          0x080000fd   Thumb Code     0  entry11a.o(.ARM.Collect$$$$0000000F)
    Calibrage                                0x08000101   Thumb Code    36  principal.o(.text)
    main                                     0x08000125   Thumb Code   112  principal.o(.text)
    Reset_Handler                            0x080001bd   Thumb Code    34  startup-rvds.o(.text)
    SystemInit                               0x080001df   Thumb Code     2  startup-rvds.o(.text)
    NMI_Handler                              0x080001e1   Thumb Code     2  startup-rvds.o(.text)
    HardFault_Handler                        0x080001e3   Thumb Code     2  startup-rvds.o(.text)
    MemManage_Handler                        0x080001e5   Thumb Code     2  startup-rvds.o(.text)
    BusFault_Handler                         0x080001e7   Thumb Code     2  startup-rvds.o(.text)
    UsageFault_Handler                       0x080001e9   Thumb Code     2  startup-rvds.o(.text)
    SVC_Handler                              0x080001eb   Thumb Code     2  startup-rvds.o(.text)
    DebugMon_Handler                         0x080001ed   Thumb Code     2  startup-rvds.o(.text)
    PendSV_Handler                           0x080001ef   Thumb Code     2  startup-rvds.o(.text)
    SysTick_Handler                          0x080001f1   Thumb Code     2  startup-rvds.o(.text)
    ADC1_2_IRQHandler                        0x080001f3   Thumb Code     0  startup-rvds.o(.text)
    CAN1_RX1_IRQHandler                      0x080001f3   Thumb Code     0  startup-rvds.o(.text)
    CAN1_SCE_IRQHandler                      0x080001f3   Thumb Code     0  startup-rvds.o(.text)
    DMA1_Channel1_IRQHandler                 0x080001f3   Thumb Code     0  startup-rvds.o(.text)
    DMA1_Channel2_IRQHandler                 0x080001f3   Thumb Code     0  startup-rvds.o(.text)
    DMA1_Channel3_IRQHandler                 0x080001f3   Thumb Code     0  startup-rvds.o(.text)
    DMA1_Channel4_IRQHandler                 0x080001f3   Thumb Code     0  startup-rvds.o(.text)
    DMA1_Channel5_IRQHandler                 0x080001f3   Thumb Code     0  startup-rvds.o(.text)
    DMA1_Channel6_IRQHandler                 0x080001f3   Thumb Code     0  startup-rvds.o(.text)
    DMA1_Channel7_IRQHandler                 0x080001f3   Thumb Code     0  startup-rvds.o(.text)
    EXTI0_IRQHandler                         0x080001f3   Thumb Code     0  startup-rvds.o(.text)
    EXTI15_10_IRQHandler                     0x080001f3   Thumb Code     0  startup-rvds.o(.text)
    EXTI1_IRQHandler                         0x080001f3   Thumb Code     0  startup-rvds.o(.text)
    EXTI2_IRQHandler                         0x080001f3   Thumb Code     0  startup-rvds.o(.text)
    EXTI3_IRQHandler                         0x080001f3   Thumb Code     0  startup-rvds.o(.text)
    EXTI4_IRQHandler                         0x080001f3   Thumb Code     0  startup-rvds.o(.text)
    EXTI9_5_IRQHandler                       0x080001f3   Thumb Code     0  startup-rvds.o(.text)
    FLASH_IRQHandler                         0x080001f3   Thumb Code     0  startup-rvds.o(.text)
    I2C1_ER_IRQHandler                       0x080001f3   Thumb Code     0  startup-rvds.o(.text)
    I2C1_EV_IRQHandler                       0x080001f3   Thumb Code     0  startup-rvds.o(.text)
    I2C2_ER_IRQHandler                       0x080001f3   Thumb Code     0  startup-rvds.o(.text)
    I2C2_EV_IRQHandler                       0x080001f3   Thumb Code     0  startup-rvds.o(.text)
    PVD_IRQHandler                           0x080001f3   Thumb Code     0  startup-rvds.o(.text)
    RCC_IRQHandler                           0x080001f3   Thumb Code     0  startup-rvds.o(.text)
    RTCAlarm_IRQHandler                      0x080001f3   Thumb Code     0  startup-rvds.o(.text)
    RTC_IRQHandler                           0x080001f3   Thumb Code     0  startup-rvds.o(.text)
    SPI1_IRQHandler                          0x080001f3   Thumb Code     0  startup-rvds.o(.text)
    SPI2_IRQHandler                          0x080001f3   Thumb Code     0  startup-rvds.o(.text)
    TAMPER_IRQHandler                        0x080001f3   Thumb Code     0  startup-rvds.o(.text)
    TIM1_BRK_IRQHandler                      0x080001f3   Thumb Code     0  startup-rvds.o(.text)
    TIM1_TRG_COM_IRQHandler                  0x080001f3   Thumb Code     0  startup-rvds.o(.text)
    USART1_IRQHandler                        0x080001f3   Thumb Code     0  startup-rvds.o(.text)
    USART2_IRQHandler                        0x080001f3   Thumb Code     0  startup-rvds.o(.text)
    USART3_IRQHandler                        0x080001f3   Thumb Code     0  startup-rvds.o(.text)
    USBWakeUp_IRQHandler                     0x080001f3   Thumb Code     0  startup-rvds.o(.text)
    USB_HP_CAN1_TX_IRQHandler                0x080001f3   Thumb Code     0  startup-rvds.o(.text)
    USB_LP_CAN1_RX0_IRQHandler               0x080001f3   Thumb Code     0  startup-rvds.o(.text)
    WWDG_IRQHandler                          0x080001f3   Thumb Code     0  startup-rvds.o(.text)
    CLOCK_Configure                          0x08000281   Thumb Code   144  clock.o(.text)
    CLOCK_GetTIMCLK                          0x08000311   Thumb Code    22  clock.o(.text)
    CLOCK_GetHCLK                            0x08000327   Thumb Code     4  clock.o(.text)
    CLOCK_GetPCLK1                           0x0800032b   Thumb Code     4  clock.o(.text)
    CLOCK_GetPCLK2                           0x0800032f   Thumb Code     4  clock.o(.text)
    CLOCK_GetADCCLK                          0x08000333   Thumb Code     4  clock.o(.text)
    GPIO_Configure                           0x08000359   Thumb Code   358  gpio.o(.text)
    Timer_1234_Init                          0x080004d9   Thumb Code   322  timer_1234.o(.text)
    Timer_1234_Init_ff                       0x0800061b   Thumb Code   126  timer_1234.o(.text)
    Active_IT_Debordement_Timer              0x08000699   Thumb Code   226  timer_1234.o(.text)
    Active_IT_Compare_Timer                  0x0800077b   Thumb Code   720  timer_1234.o(.text)
    PWM_Init_ff                              0x08000a4b   Thumb Code   190  timer_1234.o(.text)
    PWM_Init                                 0x08000b09   Thumb Code   280  timer_1234.o(.text)
    PWM_Complementaire_Timer1                0x08000c21   Thumb Code    60  timer_1234.o(.text)
    Timer_Inc_Init                           0x08000c5d   Thumb Code   180  timer_1234.o(.text)
    Capture_Init                             0x08000d11   Thumb Code   692  timer_1234.o(.text)
    TIM1_CC_IRQHandler                       0x08000fc5   Thumb Code   410  timer_1234.o(.text)
    TIM1_UP_IRQHandler                       0x0800115f   Thumb Code    26  timer_1234.o(.text)
    TIM2_IRQHandler                          0x08001179   Thumb Code   548  timer_1234.o(.text)
    TIM3_IRQHandler                          0x0800139d   Thumb Code   432  timer_1234.o(.text)
    TIM4_IRQHandler                          0x0800154d   Thumb Code   552  timer_1234.o(.text)
    Lire_Duree_Pulse                         0x08001775   Thumb Code    70  timer_1234.o(.text)
    __aeabi_fmul                             0x080017ed   Thumb Code   108  fmul.o(.text)
    __aeabi_fdiv                             0x08001859   Thumb Code   128  fdiv.o(.text)
    __aeabi_dadd                             0x080018d9   Thumb Code   322  dadd.o(.text)
    __aeabi_dsub                             0x08001a1b   Thumb Code     6  dadd.o(.text)
    __aeabi_drsub                            0x08001a21   Thumb Code     6  dadd.o(.text)
    __aeabi_dmul                             0x08001a27   Thumb Code   228  dmul.o(.text)
    __aeabi_ddiv                             0x08001b0b   Thumb Code   222  ddiv.o(.text)
    __aeabi_i2f                              0x08001be9   Thumb Code    18  fflti.o(.text)
    __aeabi_ui2f                             0x08001bfb   Thumb Code    10  ffltui.o(.text)
    __aeabi_i2d                              0x08001c05   Thumb Code    34  dflti.o(.text)
    __aeabi_ui2d                             0x08001c27   Thumb Code    26  dfltui.o(.text)
    __aeabi_f2iz                             0x08001c41   Thumb Code    50  ffixi.o(.text)
    __aeabi_f2uiz                            0x08001c73   Thumb Code    40  ffixui.o(.text)
    __aeabi_d2iz                             0x08001c9b   Thumb Code    62  dfixi.o(.text)
    __aeabi_f2d                              0x08001cd9   Thumb Code    38  f2d.o(.text)
    __aeabi_cdcmpeq                          0x08001d01   Thumb Code     0  cdcmple.o(.text)
    __aeabi_cdcmple                          0x08001d01   Thumb Code    38  cdcmple.o(.text)
    __aeabi_cdrcmple                         0x08001d29   Thumb Code    38  cdrcmple.o(.text)
    __aeabi_d2f                              0x08001d51   Thumb Code    56  d2f.o(.text)
    __aeabi_llsl                             0x08001d89   Thumb Code    30  llshl.o(.text)
    _ll_shift_l                              0x08001d89   Thumb Code     0  llshl.o(.text)
    __aeabi_llsr                             0x08001da7   Thumb Code    32  llushr.o(.text)
    _ll_ushift_r                             0x08001da7   Thumb Code     0  llushr.o(.text)
    __aeabi_lasr                             0x08001dc7   Thumb Code    36  llsshr.o(.text)
    _ll_sshift_r                             0x08001dc7   Thumb Code     0  llsshr.o(.text)
    __I$use$fp                               0x08001deb   Thumb Code     0  iusefp.o(.text)
    _float_round                             0x08001deb   Thumb Code    18  fepilogue.o(.text)
    _float_epilogue                          0x08001dfd   Thumb Code    90  fepilogue.o(.text)
    _double_round                            0x08001e57   Thumb Code    26  depilogue.o(.text)
    _double_epilogue                         0x08001e71   Thumb Code   164  depilogue.o(.text)
    __scatterload                            0x08001f15   Thumb Code    28  init.o(.text)
    __scatterload_rt2                        0x08001f15   Thumb Code     0  init.o(.text)
    __scatterload_copy                       0x08001f39   Thumb Code    14  handlers.o(i.__scatterload_copy)
    __scatterload_null                       0x08001f47   Thumb Code     2  handlers.o(i.__scatterload_null)
    __scatterload_zeroinit                   0x08001f49   Thumb Code    14  handlers.o(i.__scatterload_zeroinit)
    timer_callback                           0x08001f59   Thumb Code    48  timer_callback.o(moncode)
    Region$$Table$$Base                      0x08001f90   Number         0  anon$$obj.o(Region$$Table)
    LongueurSon                              0x08001fb0   Data           4  09.o(SecSon)
    Region$$Table$$Limit                     0x08001fb0   Number         0  anon$$obj.o(Region$$Table)
    PeriodeSonMicroSec                       0x08001fb4   Data           4  09.o(SecSon)
    Son                                      0x08001fb8   Data           0  09.o(SecSon)
    Enable_Fct_IT_Compare_Match_TIM1_Voie1   0x20000010   Data           1  timer_1234.o(.data)
    Enable_Fct_IT_Compare_Match_TIM1_Voie2   0x20000011   Data           1  timer_1234.o(.data)
    Enable_Fct_IT_Compare_Match_TIM1_Voie3   0x20000012   Data           1  timer_1234.o(.data)
    Enable_Fct_IT_Compare_Match_TIM1_Voie4   0x20000013   Data           1  timer_1234.o(.data)
    Enable_Fct_IT_Compare_Match_TIM2_Voie1   0x20000014   Data           1  timer_1234.o(.data)
    Enable_Fct_IT_Compare_Match_TIM2_Voie2   0x20000015   Data           1  timer_1234.o(.data)
    Enable_Fct_IT_Compare_Match_TIM2_Voie3   0x20000016   Data           1  timer_1234.o(.data)
    Enable_Fct_IT_Compare_Match_TIM2_Voie4   0x20000017   Data           1  timer_1234.o(.data)
    Enable_Fct_IT_Compare_Match_TIM3_Voie1   0x20000018   Data           1  timer_1234.o(.data)
    Enable_Fct_IT_Compare_Match_TIM3_Voie2   0x20000019   Data           1  timer_1234.o(.data)
    Enable_Fct_IT_Compare_Match_TIM3_Voie3   0x2000001a   Data           1  timer_1234.o(.data)
    Enable_Fct_IT_Compare_Match_TIM3_Voie4   0x2000001b   Data           1  timer_1234.o(.data)
    Enable_Fct_IT_Compare_Match_TIM4_Voie1   0x2000001c   Data           1  timer_1234.o(.data)
    Enable_Fct_IT_Compare_Match_TIM4_Voie2   0x2000001d   Data           1  timer_1234.o(.data)
    Enable_Fct_IT_Compare_Match_TIM4_Voie3   0x2000001e   Data           1  timer_1234.o(.data)
    Enable_Fct_IT_Compare_Match_TIM4_Voie4   0x2000001f   Data           1  timer_1234.o(.data)
    etat                                     0x200000a0   Data          20  principal.o(.bss)
    __initial_sp                             0x200004b8   Data           0  startup-rvds.o(STACK)



==============================================================================

Memory Map of the image

  Image Entry point : 0x080001bd

  Load Region LR_1 (Base: 0x08000000, Size: 0x00007ac8, Max: 0xffffffff, ABSOLUTE)

    Execution Region ER_RO (Base: 0x08000000, Size: 0x00007a28, Max: 0xffffffff, ABSOLUTE)

    Base Addr    Size         Type   Attr      Idx    E Section Name        Object

    0x08000000   0x000000ec   Data   RO           65    RESET               startup-rvds.o
    0x080000ec   0x00000000   Code   RO           77  * .ARM.Collect$$$$00000000  mc_w.l(entry.o)
    0x080000ec   0x00000004   Code   RO          112    .ARM.Collect$$$$00000001  mc_w.l(entry2.o)
    0x080000f0   0x00000004   Code   RO          115    .ARM.Collect$$$$00000004  mc_w.l(entry5.o)
    0x080000f4   0x00000000   Code   RO          117    .ARM.Collect$$$$00000008  mc_w.l(entry7b.o)
    0x080000f4   0x00000000   Code   RO          119    .ARM.Collect$$$$0000000A  mc_w.l(entry8b.o)
    0x080000f4   0x00000008   Code   RO          120    .ARM.Collect$$$$0000000B  mc_w.l(entry9a.o)
    0x080000fc   0x00000000   Code   RO          122    .ARM.Collect$$$$0000000D  mc_w.l(entry10a.o)
    0x080000fc   0x00000000   Code   RO          124    .ARM.Collect$$$$0000000F  mc_w.l(entry11a.o)
    0x080000fc   0x00000004   Code   RO          113    .ARM.Collect$$$$00002712  mc_w.l(entry2.o)
    0x08000100   0x000000bc   Code   RO            3    .text               principal.o
    0x080001bc   0x0000004c   Code   RO           66  * .text               startup-rvds.o
    0x08000208   0x00000150   Code   RO           70    .text               gassp72.lib(clock.o)
    0x08000358   0x00000180   Code   RO           72    .text               gassp72.lib(gpio.o)
    0x080004d8   0x00001314   Code   RO           74    .text               gassp72.lib(timer_1234.o)
    0x080017ec   0x0000006c   Code   RO           80    .text               mf_w.l(fmul.o)
    0x08001858   0x00000080   Code   RO           82    .text               mf_w.l(fdiv.o)
    0x080018d8   0x0000014e   Code   RO           84    .text               mf_w.l(dadd.o)
    0x08001a26   0x000000e4   Code   RO           86    .text               mf_w.l(dmul.o)
    0x08001b0a   0x000000de   Code   RO           88    .text               mf_w.l(ddiv.o)
    0x08001be8   0x00000012   Code   RO           90    .text               mf_w.l(fflti.o)
    0x08001bfa   0x0000000a   Code   RO           92    .text               mf_w.l(ffltui.o)
    0x08001c04   0x00000022   Code   RO           94    .text               mf_w.l(dflti.o)
    0x08001c26   0x0000001a   Code   RO           96    .text               mf_w.l(dfltui.o)
    0x08001c40   0x00000032   Code   RO           98    .text               mf_w.l(ffixi.o)
    0x08001c72   0x00000028   Code   RO          100    .text               mf_w.l(ffixui.o)
    0x08001c9a   0x0000003e   Code   RO          102    .text               mf_w.l(dfixi.o)
    0x08001cd8   0x00000026   Code   RO          104    .text               mf_w.l(f2d.o)
    0x08001cfe   0x00000002   PAD
    0x08001d00   0x00000028   Code   RO          106    .text               mf_w.l(cdcmple.o)
    0x08001d28   0x00000028   Code   RO          108    .text               mf_w.l(cdrcmple.o)
    0x08001d50   0x00000038   Code   RO          110    .text               mf_w.l(d2f.o)
    0x08001d88   0x0000001e   Code   RO          126    .text               mc_w.l(llshl.o)
    0x08001da6   0x00000020   Code   RO          128    .text               mc_w.l(llushr.o)
    0x08001dc6   0x00000024   Code   RO          130    .text               mc_w.l(llsshr.o)
    0x08001dea   0x00000000   Code   RO          132    .text               mc_w.l(iusefp.o)
    0x08001dea   0x0000006c   Code   RO          133    .text               mf_w.l(fepilogue.o)
    0x08001e56   0x000000be   Code   RO          135    .text               mf_w.l(depilogue.o)
    0x08001f14   0x00000024   Code   RO          137    .text               mc_w.l(init.o)
    0x08001f38   0x0000000e   Code   RO          141    i.__scatterload_copy  mc_w.l(handlers.o)
    0x08001f46   0x00000002   Code   RO          142    i.__scatterload_null  mc_w.l(handlers.o)
    0x08001f48   0x0000000e   Code   RO          143    i.__scatterload_zeroinit  mc_w.l(handlers.o)
    0x08001f56   0x00000002   PAD
    0x08001f58   0x00000038   Code   RO           58    moncode             timer_callback.o
    0x08001f90   0x00000020   Data   RO          139    Region$$Table       anon$$obj.o
    0x08001fb0   0x00005a78   Data   RO           62    SecSon              09.o


    Execution Region ER_RW (Base: 0x20000000, Size: 0x000000a0, Max: 0xffffffff, ABSOLUTE)

    Base Addr    Size         Type   Attr      Idx    E Section Name        Object

    0x20000000   0x000000a0   Data   RW           75    .data               gassp72.lib(timer_1234.o)


    Execution Region ER_ZI (Base: 0x200000a0, Size: 0x00000418, Max: 0xffffffff, ABSOLUTE)

    Base Addr    Size         Type   Attr      Idx    E Section Name        Object

    0x200000a0   0x00000014   Zero   RW            4    .bss                principal.o
    0x200000b4   0x00000004   PAD
    0x200000b8   0x00000400   Zero   RW           63    STACK               startup-rvds.o


==============================================================================

Image component sizes


      Code (inc. data)   RO Data    RW Data    ZI Data      Debug   Object Name

         0          0      23160          0          0          0   09.o
       188         40          0          0         20       2584   principal.o
        76         20        236          0       1024        772   startup-rvds.o
        56          8          0          0          0        316   timer_callback.o

    ----------------------------------------------------------------------
       320         68      23428          0       1048       3672   Object Totals
         0          0         32          0          0          0   (incl. Generated)
         0          0          0          0          4          0   (incl. Padding)

    ----------------------------------------------------------------------

      Code (inc. data)   RO Data    RW Data    ZI Data      Debug   Library Member Name

       336         34          0          0          0        276   clock.o
       384         26          0          0          0         84   gpio.o
      4884        490          0        160          0        484   timer_1234.o
         0          0          0          0          0          0   entry.o
         0          0          0          0          0          0   entry10a.o
         0          0          0          0          0          0   entry11a.o
         8          4          0          0          0          0   entry2.o
         4          0          0          0          0          0   entry5.o
         0          0          0          0          0          0   entry7b.o
         0          0          0          0          0          0   entry8b.o
         8          4          0          0          0          0   entry9a.o
        30          0          0          0          0          0   handlers.o
        36          8          0          0          0         68   init.o
         0          0          0          0          0          0   iusefp.o
        30          0          0          0          0         68   llshl.o
        36          0          0          0          0         68   llsshr.o
        32          0          0          0          0         68   llushr.o
        40          2          0          0          0         68   cdcmple.o
        40          2          0          0          0         68   cdrcmple.o
        56          0          0          0          0         88   d2f.o
       334          0          0          0          0        144   dadd.o
       222          0          0          0          0        100   ddiv.o
       190          0          0          0          0        176   depilogue.o
        62          0          0          0          0         80   dfixi.o
        34          0          0          0          0         76   dflti.o
        26          0          0          0          0         76   dfltui.o
       228          0          0          0          0         92   dmul.o
        38          0          0          0          0         68   f2d.o
       128          0          0          0          0         88   fdiv.o
       108          0          0          0          0        168   fepilogue.o
        50          0          0          0          0         68   ffixi.o
        40          0          0          0          0         68   ffixui.o
        18          0          0          0          0         68   fflti.o
        10          0          0          0          0         68   ffltui.o
       108          0          0          0          0         76   fmul.o

    ----------------------------------------------------------------------
      7524        570          0        160          0       2756   Library Totals
         4          0          0          0          0          0   (incl. Padding)

    ----------------------------------------------------------------------

      Code (inc. data)   RO Data    RW Data    ZI Data      Debug   Library Name

      5604        550          0        160          0        844   gassp72.lib
       184         16          0          0          0        272   mc_w.l
      1732          4          0          0          0       1640   mf_w.l

    ----------------------------------------------------------------------
      7524        570          0        160          0       2756   Library Totals

    ----------------------------------------------------------------------

==============================================================================


      Code (inc. data)   RO Data    RW Data    ZI Data      Debug   

      7844        638      23428        160       1048       5128   Grand Totals
      7844        638      23428        160       1048       5128   ELF Image Totals
      7844        638      23428        160          0          0   ROM Totals

==============================================================================

    Total RO  Size (Code + RO Data)                31272 (  30.54kB)
    Total RW  Size (RW Data + ZI Data)              1208 (   1.18kB)
    Total ROM Size (Code + RO Data + RW Data)      31432 (  30.70kB)

==============================================================================

